[   21642ms] [ERROR] Failed to load resource: net::ERR_CONNECTION_TIMED_OUT @ https://fonts.gstatic.com/s/notosanssc/v40/k3kXo84MPvpLmixcA63oeALhLOCT-xWNm8Hqd37g1OkDRZe7lR4sg1IzSy-MNbE9VH8V.109.woff2:0
[   21644ms] [ERROR] Failed to load resource: net::ERR_CONNECTION_TIMED_OUT @ https://fonts.gstatic.com/s/mashanzheng/v17/NaPecZTRCLxvwo41b4gvzkXaRMGEFoZJFdX0wQ5Xo5Hr21L9zCcRFhbSe5Nk0pIMuUkHEA.114.woff2:0
[   21645ms] [ERROR] Failed to load resource: net::ERR_CONNECTION_TIMED_OUT @ https://fonts.gstatic.com/s/notosanssc/v40/k3kXo84MPvpLmixcA63oeALRLoKI.woff2:0
[   21645ms] [ERROR] Failed to load resource: net::ERR_CONNECTION_TIMED_OUT @ https://fonts.gstatic.com/s/mashanzheng/v17/NaPecZTRCLxvwo41b4gvzkXaRMGEFoZJFdX0wQ5Xo5Hr21L9zCcRFhbSe5Nk0pIMuUkHEA.117.woff2:0
[   21645ms] [ERROR] Failed to load resource: net::ERR_CONNECTION_TIMED_OUT @ https://fonts.gstatic.com/s/notosanssc/v40/k3kXo84MPvpLmixcA63oeALhLOCT-xWNm8Hqd37g1OkDRZe7lR4sg1IzSy-MNbE9VH8V.119.woff2:0
[   21646ms] [ERROR] Failed to load resource: net::ERR_CONNECTION_TIMED_OUT @ https://fonts.gstatic.com/s/notosanssc/v40/k3kXo84MPvpLmixcA63oeALhLOCT-xWNm8Hqd37g1OkDRZe7lR4sg1IzSy-MNbE9VH8V.118.woff2:0
[   42974ms] [ERROR] Failed to load resource: net::ERR_CONNECTION_TIMED_OUT @ https://fonts.gstatic.com/s/notosanssc/v40/k3kXo84MPvpLmixcA63oeALhLOCT-xWNm8Hqd37g1OkDRZe7lR4sg1IzSy-MNbE9VH8V.117.woff2:0
[   42974ms] [ERROR] Failed to load resource: net::ERR_CONNECTION_TIMED_OUT @ https://fonts.gstatic.com/s/notosanssc/v40/k3kXo84MPvpLmixcA63oeALhLOCT-xWNm8Hqd37g1OkDRZe7lR4sg1IzSy-MNbE9VH8V.116.woff2:0
[   42991ms] [ERROR] Failed to load resource: net::ERR_CONNECTION_TIMED_OUT @ https://fonts.gstatic.com/s/notosanssc/v40/k3kXo84MPvpLmixcA63oeALhLOCT-xWNm8Hqd37g1OkDRZe7lR4sg1IzSy-MNbE9VH8V.115.woff2:0
[   42991ms] [ERROR] Failed to load resource: net::ERR_CONNECTION_TIMED_OUT @ https://fonts.gstatic.com/s/notosanssc/v40/k3kXo84MPvpLmixcA63oeALhLOCT-xWNm8Hqd37g1OkDRZe7lR4sg1IzSy-MNbE9VH8V.114.woff2:0
[   42991ms] [ERROR] Failed to load resource: net::ERR_CONNECTION_TIMED_OUT @ https://fonts.gstatic.com/s/notosanssc/v40/k3kXo84MPvpLmixcA63oeALhLOCT-xWNm8Hqd37g1OkDRZe7lR4sg1IzSy-MNbE9VH8V.112.woff2:0
[   43007ms] [ERROR] Failed to load resource: net::ERR_CONNECTION_TIMED_OUT @ https://fonts.gstatic.com/s/notosanssc/v40/k3kXo84MPvpLmixcA63oeALhLOCT-xWNm8Hqd37g1OkDRZe7lR4sg1IzSy-MNbE9VH8V.32.woff2:0
[   64308ms] [ERROR] Failed to load resource: net::ERR_CONNECTION_TIMED_OUT @ https://fonts.gstatic.com/s/notosanssc/v40/k3kXo84MPvpLmixcA63oeALhLOCT-xWNm8Hqd37g1OkDRZe7lR4sg1IzSy-MNbE9VH8V.113.woff2:0
[   64310ms] [ERROR] Failed to load resource: net::ERR_CONNECTION_TIMED_OUT @ https://fonts.gstatic.com/s/notosanssc/v40/k3kXo84MPvpLmixcA63oeALhLOCT-xWNm8Hqd37g1OkDRZe7lR4sg1IzSy-MNbE9VH8V.87.woff2:0
[   64310ms] [ERROR] Failed to load resource: net::ERR_CONNECTION_TIMED_OUT @ https://fonts.gstatic.com/s/notosanssc/v40/k3kXo84MPvpLmixcA63oeALhLOCT-xWNm8Hqd37g1OkDRZe7lR4sg1IzSy-MNbE9VH8V.88.woff2:0
[   64310ms] [ERROR] Failed to load resource: net::ERR_CONNECTION_TIMED_OUT @ https://fonts.gstatic.com/s/notosanssc/v40/k3kXo84MPvpLmixcA63oeALhLOCT-xWNm8Hqd37g1OkDRZe7lR4sg1IzSy-MNbE9VH8V.105.woff2:0
[   64310ms] [ERROR] Failed to load resource: net::ERR_CONNECTION_TIMED_OUT @ https://fonts.gstatic.com/s/mashanzheng/v17/NaPecZTRCLxvwo41b4gvzkXadMPmDQ.woff2:0
[   64358ms] [ERROR] Failed to load resource: net::ERR_CONNECTION_TIMED_OUT @ https://fonts.gstatic.com/s/mashanzheng/v17/NaPecZTRCLxvwo41b4gvzkXaRMGEFoZJFdX0wQ5Xo5Hr21L9zCcRFhbSe5Nk0pIMuUkHEA.118.woff2:0
[   85661ms] [ERROR] Failed to load resource: net::ERR_CONNECTION_TIMED_OUT @ https://fonts.gstatic.com/s/mashanzheng/v17/NaPecZTRCLxvwo41b4gvzkXaRMGEFoZJFdX0wQ5Xo5Hr21L9zCcRFhbSe5Nk0pIMuUkHEA.116.woff2:0
[   85661ms] [ERROR] Failed to load resource: net::ERR_CONNECTION_TIMED_OUT @ https://fonts.gstatic.com/s/mashanzheng/v17/NaPecZTRCLxvwo41b4gvzkXaRMGEFoZJFdX0wQ5Xo5Hr21L9zCcRFhbSe5Nk0pIMuUkHEA.113.woff2:0
[   85662ms] [ERROR] Failed to load resource: net::ERR_CONNECTION_TIMED_OUT @ https://fonts.gstatic.com/s/notosanssc/v40/k3kXo84MPvpLmixcA63oeALhLOCT-xWNm8Hqd37g1OkDRZe7lR4sg1IzSy-MNbE9VH8V.101.woff2:0
[   85662ms] [ERROR] Failed to load resource: net::ERR_CONNECTION_TIMED_OUT @ https://fonts.gstatic.com/s/notosanssc/v40/k3kXo84MPvpLmixcA63oeALhLOCT-xWNm8Hqd37g1OkDRZe7lR4sg1IzSy-MNbE9VH8V.110.woff2:0
[   85676ms] [ERROR] Failed to load resource: net::ERR_CONNECTION_TIMED_OUT @ https://fonts.gstatic.com/s/notosanssc/v40/k3kXo84MPvpLmixcA63oeALhLOCT-xWNm8Hqd37g1OkDRZe7lR4sg1IzSy-MNbE9VH8V.111.woff2:0
[   85709ms] [ERROR] Failed to load resource: net::ERR_CONNECTION_TIMED_OUT @ https://fonts.gstatic.com/s/notosanssc/v40/k3kXo84MPvpLmixcA63oeALhLOCT-xWNm8Hqd37g1OkDRZe7lR4sg1IzSy-MNbE9VH8V.103.woff2:0
[  106992ms] [ERROR] Failed to load resource: net::ERR_CONNECTION_TIMED_OUT @ https://fonts.gstatic.com/s/notosanssc/v40/k3kXo84MPvpLmixcA63oeALhLOCT-xWNm8Hqd37g1OkDRZe7lR4sg1IzSy-MNbE9VH8V.108.woff2:0
[  106992ms] [ERROR] Failed to load resource: net::ERR_CONNECTION_TIMED_OUT @ https://fonts.gstatic.com/s/notosanssc/v40/k3kXo84MPvpLmixcA63oeALhLOCT-xWNm8Hqd37g1OkDRZe7lR4sg1IzSy-MNbE9VH8V.4.woff2:0
[  107012ms] [ERROR] Failed to load resource: net::ERR_CONNECTION_TIMED_OUT @ https://fonts.gstatic.com/s/notosanssc/v40/k3kXo84MPvpLmixcA63oeALhLOCT-xWNm8Hqd37g1OkDRZe7lR4sg1IzSy-MNbE9VH8V.102.woff2:0
[  107012ms] [ERROR] Failed to load resource: net::ERR_CONNECTION_TIMED_OUT @ https://fonts.gstatic.com/s/notosanssc/v40/k3kXo84MPvpLmixcA63oeALhLOCT-xWNm8Hqd37g1OkDRZe7lR4sg1IzSy-MNbE9VH8V.44.woff2:0
[  107012ms] [ERROR] Failed to load resource: net::ERR_CONNECTION_TIMED_OUT @ https://fonts.gstatic.com/s/notosanssc/v40/k3kXo84MPvpLmixcA63oeALhLOCT-xWNm8Hqd37g1OkDRZe7lR4sg1IzSy-MNbE9VH8V.107.woff2:0
[  107056ms] [ERROR] Failed to load resource: net::ERR_CONNECTION_TIMED_OUT @ https://fonts.gstatic.com/s/notosanssc/v40/k3kXo84MPvpLmixcA63oeALhLOCT-xWNm8Hqd37g1OkDRZe7lR4sg1IzSy-MNbE9VH8V.91.woff2:0
[  128326ms] [ERROR] Failed to load resource: net::ERR_CONNECTION_TIMED_OUT @ https://fonts.gstatic.com/s/mashanzheng/v17/NaPecZTRCLxvwo41b4gvzkXaRMGEFoZJFdX0wQ5Xo5Hr21L9zCcRFhbSe5Nk0pIMuUkHEA.110.woff2:0
[  128340ms] [ERROR] Failed to load resource: net::ERR_CONNECTION_TIMED_OUT @ https://fonts.gstatic.com/s/notosanssc/v40/k3kXo84MPvpLmixcA63oeALhLOCT-xWNm8Hqd37g1OkDRZe7lR4sg1IzSy-MNbE9VH8V.90.woff2:0
[  128343ms] [ERROR] Failed to load resource: net::ERR_CONNECTION_TIMED_OUT @ https://fonts.gstatic.com/s/mashanzheng/v17/NaPecZTRCLxvwo41b4gvzkXaRMGEFoZJFdX0wQ5Xo5Hr21L9zCcRFhbSe5Nk0pIMuUkHEA.119.woff2:0
