[   18578ms] [ERROR] Failed to load resource: net::ERR_CONNECTION_REFUSED @ https://fonts.gstatic.com/s/notosanssc/v40/k3kXo84MPvpLmixcA63oeALhLOCT-xWNm8Hqd37g1OkDRZe7lR4sg1IzSy-MNbE9VH8V.109.woff2:0
[   21888ms] [ERROR] Failed to load resource: net::ERR_CONNECTION_REFUSED @ https://fonts.gstatic.com/s/mashanzheng/v17/NaPecZTRCLxvwo41b4gvzkXaRMGEFoZJFdX0wQ5Xo5Hr21L9zCcRFhbSe5Nk0pIMuUkHEA.117.woff2:0
[   21888ms] [ERROR] Failed to load resource: net::ERR_CONNECTION_REFUSED @ https://fonts.gstatic.com/s/notosanssc/v40/k3kXo84MPvpLmixcA63oeALRLoKI.woff2:0
[   21980ms] [ERROR] Failed to load resource: net::ERR_CONNECTION_REFUSED @ https://fonts.gstatic.com/s/mashanzheng/v17/NaPecZTRCLxvwo41b4gvzkXaRMGEFoZJFdX0wQ5Xo5Hr21L9zCcRFhbSe5Nk0pIMuUkHEA.110.woff2:0
[   21980ms] [ERROR] Failed to load resource: net::ERR_CONNECTION_REFUSED @ https://fonts.gstatic.com/s/notosanssc/v40/k3kXo84MPvpLmixcA63oeALhLOCT-xWNm8Hqd37g1OkDRZe7lR4sg1IzSy-MNbE9VH8V.119.woff2:0
[   21994ms] [ERROR] Failed to load resource: net::ERR_CONNECTION_REFUSED @ https://fonts.gstatic.com/s/notosanssc/v40/k3kXo84MPvpLmixcA63oeALhLOCT-xWNm8Hqd37g1OkDRZe7lR4sg1IzSy-MNbE9VH8V.118.woff2:0
[   36111ms] [ERROR] Failed to load resource: net::ERR_CONNECTION_REFUSED @ https://fonts.gstatic.com/s/notosanssc/v40/k3kXo84MPvpLmixcA63oeALhLOCT-xWNm8Hqd37g1OkDRZe7lR4sg1IzSy-MNbE9VH8V.117.woff2:0
[   39415ms] [ERROR] Failed to load resource: net::ERR_CONNECTION_REFUSED @ https://fonts.gstatic.com/s/notosanssc/v40/k3kXo84MPvpLmixcA63oeALhLOCT-xWNm8Hqd37g1OkDRZe7lR4sg1IzSy-MNbE9VH8V.116.woff2:0
[   39416ms] [ERROR] Failed to load resource: net::ERR_CONNECTION_REFUSED @ https://fonts.gstatic.com/s/notosanssc/v40/k3kXo84MPvpLmixcA63oeALhLOCT-xWNm8Hqd37g1OkDRZe7lR4sg1IzSy-MNbE9VH8V.115.woff2:0
[   39508ms] [ERROR] Failed to load resource: net::ERR_CONNECTION_REFUSED @ https://fonts.gstatic.com/s/notosanssc/v40/k3kXo84MPvpLmixcA63oeALhLOCT-xWNm8Hqd37g1OkDRZe7lR4sg1IzSy-MNbE9VH8V.114.woff2:0
[   39508ms] [ERROR] Failed to load resource: net::ERR_CONNECTION_REFUSED @ https://fonts.gstatic.com/s/notosanssc/v40/k3kXo84MPvpLmixcA63oeALhLOCT-xWNm8Hqd37g1OkDRZe7lR4sg1IzSy-MNbE9VH8V.112.woff2:0
[   39521ms] [ERROR] Failed to load resource: net::ERR_CONNECTION_REFUSED @ https://fonts.gstatic.com/s/notosanssc/v40/k3kXo84MPvpLmixcA63oeALhLOCT-xWNm8Hqd37g1OkDRZe7lR4sg1IzSy-MNbE9VH8V.32.woff2:0
[   53627ms] [ERROR] Failed to load resource: net::ERR_CONNECTION_REFUSED @ https://fonts.gstatic.com/s/notosanssc/v40/k3kXo84MPvpLmixcA63oeALhLOCT-xWNm8Hqd37g1OkDRZe7lR4sg1IzSy-MNbE9VH8V.113.woff2:0
[   56941ms] [ERROR] Failed to load resource: net::ERR_CONNECTION_REFUSED @ https://fonts.gstatic.com/s/notosanssc/v40/k3kXo84MPvpLmixcA63oeALhLOCT-xWNm8Hqd37g1OkDRZe7lR4sg1IzSy-MNbE9VH8V.87.woff2:0
[   56941ms] [ERROR] Failed to load resource: net::ERR_CONNECTION_REFUSED @ https://fonts.gstatic.com/s/notosanssc/v40/k3kXo84MPvpLmixcA63oeALhLOCT-xWNm8Hqd37g1OkDRZe7lR4sg1IzSy-MNbE9VH8V.88.woff2:0
[   57035ms] [ERROR] Failed to load resource: net::ERR_CONNECTION_REFUSED @ https://fonts.gstatic.com/s/mashanzheng/v17/NaPecZTRCLxvwo41b4gvzkXadMPmDQ.woff2:0
[   57036ms] [ERROR] Failed to load resource: net::ERR_CONNECTION_REFUSED @ https://fonts.gstatic.com/s/notosanssc/v40/k3kXo84MPvpLmixcA63oeALhLOCT-xWNm8Hqd37g1OkDRZe7lR4sg1IzSy-MNbE9VH8V.110.woff2:0
[   57049ms] [ERROR] Failed to load resource: the server responded with a status of 404 (File not found) @ http://127.0.0.1:8000/favicon.ico:0
[   74572ms] [ERROR] Failed to load resource: net::ERR_CONNECTION_REFUSED @ https://fonts.gstatic.com/s/mashanzheng/v17/NaPecZTRCLxvwo41b4gvzkXaRMGEFoZJFdX0wQ5Xo5Hr21L9zCcRFhbSe5Nk0pIMuUkHEA.119.woff2:0
[  101957ms] [ERROR] Failed to load resource: net::ERR_CONNECTION_REFUSED @ https://fonts.gstatic.com/s/notosanssc/v40/k3kXo84MPvpLmixcA63oeALhLOCT-xWNm8Hqd37g1OkDRZe7lR4sg1IzSy-MNbE9VH8V.109.woff2:0
[  102003ms] [ERROR] Failed to load resource: net::ERR_CONNECTION_REFUSED @ https://fonts.gstatic.com/s/mashanzheng/v17/NaPecZTRCLxvwo41b4gvzkXaRMGEFoZJFdX0wQ5Xo5Hr21L9zCcRFhbSe5Nk0pIMuUkHEA.117.woff2:0
[  102004ms] [ERROR] Failed to load resource: net::ERR_CONNECTION_REFUSED @ https://fonts.gstatic.com/s/notosanssc/v40/k3kXo84MPvpLmixcA63oeALRLoKI.woff2:0
[  102224ms] [ERROR] Failed to load resource: net::ERR_CONNECTION_REFUSED @ https://fonts.gstatic.com/s/mashanzheng/v17/NaPecZTRCLxvwo41b4gvzkXaRMGEFoZJFdX0wQ5Xo5Hr21L9zCcRFhbSe5Nk0pIMuUkHEA.110.woff2:0
[  102862ms] [ERROR] Failed to load resource: net::ERR_CONNECTION_REFUSED @ https://fonts.gstatic.com/s/notosanssc/v40/k3kXo84MPvpLmixcA63oeALhLOCT-xWNm8Hqd37g1OkDRZe7lR4sg1IzSy-MNbE9VH8V.119.woff2:0
[  102864ms] [ERROR] Failed to load resource: net::ERR_CONNECTION_REFUSED @ https://fonts.gstatic.com/s/notosanssc/v40/k3kXo84MPvpLmixcA63oeALhLOCT-xWNm8Hqd37g1OkDRZe7lR4sg1IzSy-MNbE9VH8V.118.woff2:0
[  119488ms] [ERROR] Failed to load resource: net::ERR_CONNECTION_REFUSED @ https://fonts.gstatic.com/s/notosanssc/v40/k3kXo84MPvpLmixcA63oeALhLOCT-xWNm8Hqd37g1OkDRZe7lR4sg1IzSy-MNbE9VH8V.117.woff2:0
[  119519ms] [ERROR] Failed to load resource: net::ERR_CONNECTION_REFUSED @ https://fonts.gstatic.com/s/notosanssc/v40/k3kXo84MPvpLmixcA63oeALhLOCT-xWNm8Hqd37g1OkDRZe7lR4sg1IzSy-MNbE9VH8V.116.woff2:0
[  119519ms] [ERROR] Failed to load resource: net::ERR_CONNECTION_REFUSED @ https://fonts.gstatic.com/s/notosanssc/v40/k3kXo84MPvpLmixcA63oeALhLOCT-xWNm8Hqd37g1OkDRZe7lR4sg1IzSy-MNbE9VH8V.115.woff2:0
[  119752ms] [ERROR] Failed to load resource: net::ERR_CONNECTION_REFUSED @ https://fonts.gstatic.com/s/notosanssc/v40/k3kXo84MPvpLmixcA63oeALhLOCT-xWNm8Hqd37g1OkDRZe7lR4sg1IzSy-MNbE9VH8V.114.woff2:0
[  120379ms] [ERROR] Failed to load resource: net::ERR_CONNECTION_REFUSED @ https://fonts.gstatic.com/s/notosanssc/v40/k3kXo84MPvpLmixcA63oeALhLOCT-xWNm8Hqd37g1OkDRZe7lR4sg1IzSy-MNbE9VH8V.112.woff2:0
[  120379ms] [ERROR] Failed to load resource: net::ERR_CONNECTION_REFUSED @ https://fonts.gstatic.com/s/notosanssc/v40/k3kXo84MPvpLmixcA63oeALhLOCT-xWNm8Hqd37g1OkDRZe7lR4sg1IzSy-MNbE9VH8V.32.woff2:0
[  126756ms] [ERROR] Failed to load resource: net::ERR_UNKNOWN_URL_SCHEME @ about:blank:0
[  137029ms] [ERROR] Failed to load resource: net::ERR_CONNECTION_REFUSED @ https://fonts.gstatic.com/s/notosanssc/v40/k3kXo84MPvpLmixcA63oeALhLOCT-xWNm8Hqd37g1OkDRZe7lR4sg1IzSy-MNbE9VH8V.113.woff2:0
[  137045ms] [ERROR] Failed to load resource: net::ERR_CONNECTION_REFUSED @ https://fonts.gstatic.com/s/notosanssc/v40/k3kXo84MPvpLmixcA63oeALhLOCT-xWNm8Hqd37g1OkDRZe7lR4sg1IzSy-MNbE9VH8V.87.woff2:0
[  137046ms] [ERROR] Failed to load resource: net::ERR_CONNECTION_REFUSED @ https://fonts.gstatic.com/s/notosanssc/v40/k3kXo84MPvpLmixcA63oeALhLOCT-xWNm8Hqd37g1OkDRZe7lR4sg1IzSy-MNbE9VH8V.88.woff2:0
[  137279ms] [ERROR] Failed to load resource: net::ERR_CONNECTION_REFUSED @ https://fonts.gstatic.com/s/mashanzheng/v17/NaPecZTRCLxvwo41b4gvzkXadMPmDQ.woff2:0
[  137904ms] [ERROR] Failed to load resource: net::ERR_CONNECTION_REFUSED @ https://fonts.gstatic.com/s/notosanssc/v40/k3kXo84MPvpLmixcA63oeALhLOCT-xWNm8Hqd37g1OkDRZe7lR4sg1IzSy-MNbE9VH8V.110.woff2:0
[  137904ms] [ERROR] Failed to load resource: net::ERR_CONNECTION_REFUSED @ https://fonts.gstatic.com/s/notosanssc/v40/k3kXo84MPvpLmixcA63oeALhLOCT-xWNm8Hqd37g1OkDRZe7lR4sg1IzSy-MNbE9VH8V.105.woff2:0
[  154543ms] [ERROR] Failed to load resource: net::ERR_CONNECTION_REFUSED @ https://fonts.gstatic.com/s/mashanzheng/v17/NaPecZTRCLxvwo41b4gvzkXaRMGEFoZJFdX0wQ5Xo5Hr21L9zCcRFhbSe5Nk0pIMuUkHEA.118.woff2:0
[  154558ms] [ERROR] Failed to load resource: net::ERR_CONNECTION_REFUSED @ https://fonts.gstatic.com/s/mashanzheng/v17/NaPecZTRCLxvwo41b4gvzkXaRMGEFoZJFdX0wQ5Xo5Hr21L9zCcRFhbSe5Nk0pIMuUkHEA.116.woff2:0
[  154573ms] [ERROR] Failed to load resource: net::ERR_CONNECTION_REFUSED @ https://fonts.gstatic.com/s/mashanzheng/v17/NaPecZTRCLxvwo41b4gvzkXaRMGEFoZJFdX0wQ5Xo5Hr21L9zCcRFhbSe5Nk0pIMuUkHEA.113.woff2:0
[  154808ms] [ERROR] Failed to load resource: net::ERR_CONNECTION_REFUSED @ https://fonts.gstatic.com/s/notosanssc/v40/k3kXo84MPvpLmixcA63oeALhLOCT-xWNm8Hqd37g1OkDRZe7lR4sg1IzSy-MNbE9VH8V.101.woff2:0
[  155424ms] [ERROR] Failed to load resource: net::ERR_CONNECTION_REFUSED @ https://fonts.gstatic.com/s/notosanssc/v40/k3kXo84MPvpLmixcA63oeALhLOCT-xWNm8Hqd37g1OkDRZe7lR4sg1IzSy-MNbE9VH8V.103.woff2:0
[  155424ms] [ERROR] Failed to load resource: net::ERR_CONNECTION_REFUSED @ https://fonts.gstatic.com/s/notosanssc/v40/k3kXo84MPvpLmixcA63oeALhLOCT-xWNm8Hqd37g1OkDRZe7lR4sg1IzSy-MNbE9VH8V.111.woff2:0
