[    4369ms] [ERROR] Failed to load resource: net::ERR_CONNECTION_TIMED_OUT @ https://fonts.gstatic.com/s/notosanssc/v40/k3kXo84MPvpLmixcA63oeALhLOCT-xWNm8Hqd37g1OkDRZe7lR4sg1IzSy-MNbE9VH8V.109.woff2:0
[   21418ms] [ERROR] Failed to load resource: net::ERR_CONNECTION_TIMED_OUT @ https://fonts.gstatic.com/s/mashanzheng/v17/NaPecZTRCLxvwo41b4gvzkXaRMGEFoZJFdX0wQ5Xo5Hr21L9zCcRFhbSe5Nk0pIMuUkHEA.114.woff2:0
[   21469ms] [ERROR] Failed to load resource: net::ERR_CONNECTION_TIMED_OUT @ https://fonts.gstatic.com/s/notosanssc/v40/k3kXo84MPvpLmixcA63oeALRLoKI.woff2:0
[   21470ms] [ERROR] Failed to load resource: net::ERR_CONNECTION_TIMED_OUT @ https://fonts.gstatic.com/s/mashanzheng/v17/NaPecZTRCLxvwo41b4gvzkXaRMGEFoZJFdX0wQ5Xo5Hr21L9zCcRFhbSe5Nk0pIMuUkHEA.117.woff2:0
[   21490ms] [ERROR] Failed to load resource: net::ERR_CONNECTION_TIMED_OUT @ https://fonts.gstatic.com/s/notosanssc/v40/k3kXo84MPvpLmixcA63oeALhLOCT-xWNm8Hqd37g1OkDRZe7lR4sg1IzSy-MNbE9VH8V.119.woff2:0
[   21490ms] [ERROR] Failed to load resource: net::ERR_CONNECTION_TIMED_OUT @ https://fonts.gstatic.com/s/notosanssc/v40/k3kXo84MPvpLmixcA63oeALhLOCT-xWNm8Hqd37g1OkDRZe7lR4sg1IzSy-MNbE9VH8V.118.woff2:0
[   25704ms] [ERROR] Failed to load resource: net::ERR_CONNECTION_TIMED_OUT @ https://fonts.gstatic.com/s/notosanssc/v40/k3kXo84MPvpLmixcA63oeALhLOCT-xWNm8Hqd37g1OkDRZe7lR4sg1IzSy-MNbE9VH8V.117.woff2:0
[   42754ms] [ERROR] Failed to load resource: net::ERR_CONNECTION_TIMED_OUT @ https://fonts.gstatic.com/s/notosanssc/v40/k3kXo84MPvpLmixcA63oeALhLOCT-xWNm8Hqd37g1OkDRZe7lR4sg1IzSy-MNbE9VH8V.116.woff2:0
[   42802ms] [ERROR] Failed to load resource: net::ERR_CONNECTION_TIMED_OUT @ https://fonts.gstatic.com/s/notosanssc/v40/k3kXo84MPvpLmixcA63oeALhLOCT-xWNm8Hqd37g1OkDRZe7lR4sg1IzSy-MNbE9VH8V.115.woff2:0
[   42803ms] [ERROR] Failed to load resource: net::ERR_CONNECTION_TIMED_OUT @ https://fonts.gstatic.com/s/notosanssc/v40/k3kXo84MPvpLmixcA63oeALhLOCT-xWNm8Hqd37g1OkDRZe7lR4sg1IzSy-MNbE9VH8V.114.woff2:0
[   42820ms] [ERROR] Failed to load resource: net::ERR_CONNECTION_TIMED_OUT @ https://fonts.gstatic.com/s/notosanssc/v40/k3kXo84MPvpLmixcA63oeALhLOCT-xWNm8Hqd37g1OkDRZe7lR4sg1IzSy-MNbE9VH8V.112.woff2:0
[   42838ms] [ERROR] Failed to load resource: net::ERR_CONNECTION_TIMED_OUT @ https://fonts.gstatic.com/s/notosanssc/v40/k3kXo84MPvpLmixcA63oeALhLOCT-xWNm8Hqd37g1OkDRZe7lR4sg1IzSy-MNbE9VH8V.32.woff2:0
[   47052ms] [ERROR] Failed to load resource: net::ERR_CONNECTION_TIMED_OUT @ https://fonts.gstatic.com/s/notosanssc/v40/k3kXo84MPvpLmixcA63oeALhLOCT-xWNm8Hqd37g1OkDRZe7lR4sg1IzSy-MNbE9VH8V.113.woff2:0
[   64105ms] [ERROR] Failed to load resource: net::ERR_CONNECTION_TIMED_OUT @ https://fonts.gstatic.com/s/notosanssc/v40/k3kXo84MPvpLmixcA63oeALhLOCT-xWNm8Hqd37g1OkDRZe7lR4sg1IzSy-MNbE9VH8V.87.woff2:0
[   64137ms] [ERROR] Failed to load resource: net::ERR_CONNECTION_TIMED_OUT @ https://fonts.gstatic.com/s/notosanssc/v40/k3kXo84MPvpLmixcA63oeALhLOCT-xWNm8Hqd37g1OkDRZe7lR4sg1IzSy-MNbE9VH8V.88.woff2:0
[   64138ms] [ERROR] Failed to load resource: net::ERR_CONNECTION_TIMED_OUT @ https://fonts.gstatic.com/s/notosanssc/v40/k3kXo84MPvpLmixcA63oeALhLOCT-xWNm8Hqd37g1OkDRZe7lR4sg1IzSy-MNbE9VH8V.105.woff2:0
[   64154ms] [ERROR] Failed to load resource: net::ERR_CONNECTION_TIMED_OUT @ https://fonts.gstatic.com/s/mashanzheng/v17/NaPecZTRCLxvwo41b4gvzkXadMPmDQ.woff2:0
[   64154ms] [ERROR] Failed to load resource: net::ERR_CONNECTION_TIMED_OUT @ https://fonts.gstatic.com/s/mashanzheng/v17/NaPecZTRCLxvwo41b4gvzkXaRMGEFoZJFdX0wQ5Xo5Hr21L9zCcRFhbSe5Nk0pIMuUkHEA.118.woff2:0
[   68387ms] [ERROR] Failed to load resource: net::ERR_CONNECTION_TIMED_OUT @ https://fonts.gstatic.com/s/mashanzheng/v17/NaPecZTRCLxvwo41b4gvzkXaRMGEFoZJFdX0wQ5Xo5Hr21L9zCcRFhbSe5Nk0pIMuUkHEA.116.woff2:0
[   85439ms] [ERROR] Failed to load resource: net::ERR_CONNECTION_TIMED_OUT @ https://fonts.gstatic.com/s/notosanssc/v40/k3kXo84MPvpLmixcA63oeALhLOCT-xWNm8Hqd37g1OkDRZe7lR4sg1IzSy-MNbE9VH8V.107.woff2:0
[   85505ms] [ERROR] Failed to load resource: net::ERR_CONNECTION_TIMED_OUT @ https://fonts.gstatic.com/s/notosanssc/v40/k3kXo84MPvpLmixcA63oeALhLOCT-xWNm8Hqd37g1OkDRZe7lR4sg1IzSy-MNbE9VH8V.111.woff2:0
[   85505ms] [ERROR] Failed to load resource: net::ERR_CONNECTION_TIMED_OUT @ https://fonts.gstatic.com/s/notosanssc/v40/k3kXo84MPvpLmixcA63oeALhLOCT-xWNm8Hqd37g1OkDRZe7lR4sg1IzSy-MNbE9VH8V.103.woff2:0
[   85505ms] [ERROR] Failed to load resource: net::ERR_CONNECTION_TIMED_OUT @ https://fonts.gstatic.com/s/notosanssc/v40/k3kXo84MPvpLmixcA63oeALhLOCT-xWNm8Hqd37g1OkDRZe7lR4sg1IzSy-MNbE9VH8V.106.woff2:0
[   85505ms] [ERROR] Failed to load resource: net::ERR_CONNECTION_TIMED_OUT @ https://fonts.gstatic.com/s/notosanssc/v40/k3kXo84MPvpLmixcA63oeALhLOCT-xWNm8Hqd37g1OkDRZe7lR4sg1IzSy-MNbE9VH8V.102.woff2:0
[   89736ms] [ERROR] Failed to load resource: net::ERR_CONNECTION_TIMED_OUT @ https://fonts.gstatic.com/s/notosanssc/v40/k3kXo84MPvpLmixcA63oeALhLOCT-xWNm8Hqd37g1OkDRZe7lR4sg1IzSy-MNbE9VH8V.101.woff2:0
[  106788ms] [ERROR] Failed to load resource: net::ERR_CONNECTION_TIMED_OUT @ https://fonts.gstatic.com/s/notosanssc/v40/k3kXo84MPvpLmixcA63oeALhLOCT-xWNm8Hqd37g1OkDRZe7lR4sg1IzSy-MNbE9VH8V.90.woff2:0
[  106837ms] [ERROR] Failed to load resource: net::ERR_CONNECTION_TIMED_OUT @ https://fonts.gstatic.com/s/mashanzheng/v17/NaPecZTRCLxvwo41b4gvzkXaRMGEFoZJFdX0wQ5Xo5Hr21L9zCcRFhbSe5Nk0pIMuUkHEA.113.woff2:0
[  106837ms] [ERROR] Failed to load resource: net::ERR_CONNECTION_TIMED_OUT @ https://fonts.gstatic.com/s/notosanssc/v40/k3kXo84MPvpLmixcA63oeALhLOCT-xWNm8Hqd37g1OkDRZe7lR4sg1IzSy-MNbE9VH8V.110.woff2:0
[  106837ms] [ERROR] Failed to load resource: net::ERR_CONNECTION_TIMED_OUT @ https://fonts.gstatic.com/s/mashanzheng/v17/NaPecZTRCLxvwo41b4gvzkXaRMGEFoZJFdX0wQ5Xo5Hr21L9zCcRFhbSe5Nk0pIMuUkHEA.119.woff2:0
