[   21360ms] [ERROR] Failed to load resource: net::ERR_CONNECTION_TIMED_OUT @ https://fonts.gstatic.com/s/notosanssc/v40/k3kXo84MPvpLmixcA63oeALhLOCT-xWNm8Hqd37g1OkDRZe7lR4sg1IzSy-MNbE9VH8V.109.woff2:0
[   21425ms] [ERROR] Failed to load resource: net::ERR_CONNECTION_TIMED_OUT @ https://fonts.gstatic.com/s/mashanzheng/v17/NaPecZTRCLxvwo41b4gvzkXaRMGEFoZJFdX0wQ5Xo5Hr21L9zCcRFhbSe5Nk0pIMuUkHEA.114.woff2:0
[   21425ms] [ERROR] Failed to load resource: net::ERR_CONNECTION_TIMED_OUT @ https://fonts.gstatic.com/s/notosanssc/v40/k3kXo84MPvpLmixcA63oeALRLoKI.woff2:0
[   21426ms] [ERROR] Failed to load resource: net::ERR_CONNECTION_TIMED_OUT @ https://fonts.gstatic.com/s/mashanzheng/v17/NaPecZTRCLxvwo41b4gvzkXaRMGEFoZJFdX0wQ5Xo5Hr21L9zCcRFhbSe5Nk0pIMuUkHEA.117.woff2:0
[   21426ms] [ERROR] Failed to load resource: net::ERR_CONNECTION_TIMED_OUT @ https://fonts.gstatic.com/s/notosanssc/v40/k3kXo84MPvpLmixcA63oeALhLOCT-xWNm8Hqd37g1OkDRZe7lR4sg1IzSy-MNbE9VH8V.119.woff2:0
[   21426ms] [ERROR] Failed to load resource: net::ERR_CONNECTION_TIMED_OUT @ https://fonts.gstatic.com/s/notosanssc/v40/k3kXo84MPvpLmixcA63oeALhLOCT-xWNm8Hqd37g1OkDRZe7lR4sg1IzSy-MNbE9VH8V.118.woff2:0
[   42709ms] [ERROR] Failed to load resource: net::ERR_CONNECTION_TIMED_OUT @ https://fonts.gstatic.com/s/notosanssc/v40/k3kXo84MPvpLmixcA63oeALhLOCT-xWNm8Hqd37g1OkDRZe7lR4sg1IzSy-MNbE9VH8V.117.woff2:0
[   42759ms] [ERROR] Failed to load resource: net::ERR_CONNECTION_TIMED_OUT @ https://fonts.gstatic.com/s/notosanssc/v40/k3kXo84MPvpLmixcA63oeALhLOCT-xWNm8Hqd37g1OkDRZe7lR4sg1IzSy-MNbE9VH8V.116.woff2:0
[   42759ms] [ERROR] Failed to load resource: net::ERR_CONNECTION_TIMED_OUT @ https://fonts.gstatic.com/s/notosanssc/v40/k3kXo84MPvpLmixcA63oeALhLOCT-xWNm8Hqd37g1OkDRZe7lR4sg1IzSy-MNbE9VH8V.115.woff2:0
[   42763ms] [ERROR] Failed to load resource: net::ERR_CONNECTION_TIMED_OUT @ https://fonts.gstatic.com/s/notosanssc/v40/k3kXo84MPvpLmixcA63oeALhLOCT-xWNm8Hqd37g1OkDRZe7lR4sg1IzSy-MNbE9VH8V.114.woff2:0
[   42764ms] [ERROR] Failed to load resource: net::ERR_CONNECTION_TIMED_OUT @ https://fonts.gstatic.com/s/notosanssc/v40/k3kXo84MPvpLmixcA63oeALhLOCT-xWNm8Hqd37g1OkDRZe7lR4sg1IzSy-MNbE9VH8V.112.woff2:0
[   42764ms] [ERROR] Failed to load resource: net::ERR_CONNECTION_TIMED_OUT @ https://fonts.gstatic.com/s/notosanssc/v40/k3kXo84MPvpLmixcA63oeALhLOCT-xWNm8Hqd37g1OkDRZe7lR4sg1IzSy-MNbE9VH8V.32.woff2:0
[   64043ms] [ERROR] Failed to load resource: net::ERR_CONNECTION_TIMED_OUT @ https://fonts.gstatic.com/s/notosanssc/v40/k3kXo84MPvpLmixcA63oeALhLOCT-xWNm8Hqd37g1OkDRZe7lR4sg1IzSy-MNbE9VH8V.113.woff2:0
[   64094ms] [ERROR] Failed to load resource: net::ERR_CONNECTION_TIMED_OUT @ https://fonts.gstatic.com/s/notosanssc/v40/k3kXo84MPvpLmixcA63oeALhLOCT-xWNm8Hqd37g1OkDRZe7lR4sg1IzSy-MNbE9VH8V.87.woff2:0
[   64094ms] [ERROR] Failed to load resource: net::ERR_CONNECTION_TIMED_OUT @ https://fonts.gstatic.com/s/notosanssc/v40/k3kXo84MPvpLmixcA63oeALhLOCT-xWNm8Hqd37g1OkDRZe7lR4sg1IzSy-MNbE9VH8V.88.woff2:0
[   64111ms] [ERROR] Failed to load resource: net::ERR_CONNECTION_TIMED_OUT @ https://fonts.gstatic.com/s/notosanssc/v40/k3kXo84MPvpLmixcA63oeALhLOCT-xWNm8Hqd37g1OkDRZe7lR4sg1IzSy-MNbE9VH8V.90.woff2:0
[   64111ms] [ERROR] Failed to load resource: net::ERR_CONNECTION_TIMED_OUT @ https://fonts.gstatic.com/s/notosanssc/v40/k3kXo84MPvpLmixcA63oeALhLOCT-xWNm8Hqd37g1OkDRZe7lR4sg1IzSy-MNbE9VH8V.105.woff2:0
[   64111ms] [ERROR] Failed to load resource: net::ERR_CONNECTION_TIMED_OUT @ https://fonts.gstatic.com/s/mashanzheng/v17/NaPecZTRCLxvwo41b4gvzkXadMPmDQ.woff2:0
[   85394ms] [ERROR] Failed to load resource: net::ERR_CONNECTION_TIMED_OUT @ https://fonts.gstatic.com/s/mashanzheng/v17/NaPecZTRCLxvwo41b4gvzkXaRMGEFoZJFdX0wQ5Xo5Hr21L9zCcRFhbSe5Nk0pIMuUkHEA.118.woff2:0
[   85415ms] [ERROR] Failed to load resource: net::ERR_CONNECTION_TIMED_OUT @ https://fonts.gstatic.com/s/mashanzheng/v17/NaPecZTRCLxvwo41b4gvzkXaRMGEFoZJFdX0wQ5Xo5Hr21L9zCcRFhbSe5Nk0pIMuUkHEA.116.woff2:0
[   85428ms] [ERROR] Failed to load resource: net::ERR_CONNECTION_TIMED_OUT @ https://fonts.gstatic.com/s/mashanzheng/v17/NaPecZTRCLxvwo41b4gvzkXaRMGEFoZJFdX0wQ5Xo5Hr21L9zCcRFhbSe5Nk0pIMuUkHEA.113.woff2:0
[   85444ms] [ERROR] Failed to load resource: net::ERR_CONNECTION_TIMED_OUT @ https://fonts.gstatic.com/s/notosanssc/v40/k3kXo84MPvpLmixcA63oeALhLOCT-xWNm8Hqd37g1OkDRZe7lR4sg1IzSy-MNbE9VH8V.101.woff2:0
[   85444ms] [ERROR] Failed to load resource: net::ERR_CONNECTION_TIMED_OUT @ https://fonts.gstatic.com/s/notosanssc/v40/k3kXo84MPvpLmixcA63oeALhLOCT-xWNm8Hqd37g1OkDRZe7lR4sg1IzSy-MNbE9VH8V.110.woff2:0
[   85457ms] [ERROR] Failed to load resource: net::ERR_CONNECTION_TIMED_OUT @ https://fonts.gstatic.com/s/notosanssc/v40/k3kXo84MPvpLmixcA63oeALhLOCT-xWNm8Hqd37g1OkDRZe7lR4sg1IzSy-MNbE9VH8V.111.woff2:0
[  106727ms] [ERROR] Failed to load resource: net::ERR_CONNECTION_TIMED_OUT @ https://fonts.gstatic.com/s/notosanssc/v40/k3kXo84MPvpLmixcA63oeALhLOCT-xWNm8Hqd37g1OkDRZe7lR4sg1IzSy-MNbE9VH8V.103.woff2:0
[  106745ms] [ERROR] Failed to load resource: net::ERR_CONNECTION_TIMED_OUT @ https://fonts.gstatic.com/s/notosanssc/v40/k3kXo84MPvpLmixcA63oeALhLOCT-xWNm8Hqd37g1OkDRZe7lR4sg1IzSy-MNbE9VH8V.108.woff2:0
[  106762ms] [ERROR] Failed to load resource: net::ERR_CONNECTION_TIMED_OUT @ https://fonts.gstatic.com/s/notosanssc/v40/k3kXo84MPvpLmixcA63oeALhLOCT-xWNm8Hqd37g1OkDRZe7lR4sg1IzSy-MNbE9VH8V.4.woff2:0
[  106779ms] [ERROR] Failed to load resource: net::ERR_CONNECTION_TIMED_OUT @ https://fonts.gstatic.com/s/notosanssc/v40/k3kXo84MPvpLmixcA63oeALhLOCT-xWNm8Hqd37g1OkDRZe7lR4sg1IzSy-MNbE9VH8V.102.woff2:0
[  106779ms] [ERROR] Failed to load resource: net::ERR_CONNECTION_TIMED_OUT @ https://fonts.gstatic.com/s/notosanssc/v40/k3kXo84MPvpLmixcA63oeALhLOCT-xWNm8Hqd37g1OkDRZe7lR4sg1IzSy-MNbE9VH8V.44.woff2:0
[  106795ms] [ERROR] Failed to load resource: net::ERR_CONNECTION_TIMED_OUT @ https://fonts.gstatic.com/s/notosanssc/v40/k3kXo84MPvpLmixcA63oeALhLOCT-xWNm8Hqd37g1OkDRZe7lR4sg1IzSy-MNbE9VH8V.107.woff2:0
[  128060ms] [ERROR] Failed to load resource: net::ERR_CONNECTION_TIMED_OUT @ https://fonts.gstatic.com/s/notosanssc/v40/k3kXo84MPvpLmixcA63oeALhLOCT-xWNm8Hqd37g1OkDRZe7lR4sg1IzSy-MNbE9VH8V.91.woff2:0
[  128095ms] [ERROR] Failed to load resource: net::ERR_CONNECTION_TIMED_OUT @ https://fonts.gstatic.com/s/mashanzheng/v17/NaPecZTRCLxvwo41b4gvzkXaRMGEFoZJFdX0wQ5Xo5Hr21L9zCcRFhbSe5Nk0pIMuUkHEA.110.woff2:0
[  128111ms] [ERROR] Failed to load resource: net::ERR_CONNECTION_TIMED_OUT @ https://fonts.gstatic.com/s/mashanzheng/v17/NaPecZTRCLxvwo41b4gvzkXaRMGEFoZJFdX0wQ5Xo5Hr21L9zCcRFhbSe5Nk0pIMuUkHEA.119.woff2:0
